// Jest Snapshot v1, https://goo.gl/fbAQLP

exports[`snapshot: <BookListPage /> renders correctly 1`] = `
<Fragment>
  <Connect(SearchPanelContainer)
    history={
      Object {
        "action": "POP",
        "block": [Function],
        "createHref": [Function],
        "go": [Function],
        "goBack": [Function],
        "goForward": [Function],
        "length": 1,
        "listen": [Function],
        "location": Object {
          "hash": "",
          "pathname": "/",
          "search": "",
          "state": undefined,
        },
        "push": [Function],
        "replace": [Function],
      }
    }
    queryParams="anything"
  />
  <Connect(BooksListContainer) />
</Fragment>
`;
